2023-12-14 08:32:31 - 数据库连接成功!
